Archive member included to satisfy reference by file (symbol)

/Applications/ArmGNUToolchain/12.3.rel1/arm-none-eabi/bin/../lib/gcc/arm-none-eabi/12.3.1/../../../../arm-none-eabi/lib/thumb/v6-m/nofp/libc_nano.a(libc_a-exit.o)
                              /Applications/ArmGNUToolchain/12.3.rel1/arm-none-eabi/bin/../lib/gcc/arm-none-eabi/12.3.1/../../../../arm-none-eabi/lib/thumb/v6-m/nofp/crt0.o (exit)
/Applications/ArmGNUToolchain/12.3.rel1/arm-none-eabi/bin/../lib/gcc/arm-none-eabi/12.3.1/../../../../arm-none-eabi/lib/thumb/v6-m/nofp/libc_nano.a(libc_a-findfp.o)
                              /Applications/ArmGNUToolchain/12.3.rel1/arm-none-eabi/bin/../lib/gcc/arm-none-eabi/12.3.1/../../../../arm-none-eabi/lib/thumb/v6-m/nofp/libc_nano.a(libc_a-exit.o) (__stdio_exit_handler)
/Applications/ArmGNUToolchain/12.3.rel1/arm-none-eabi/bin/../lib/gcc/arm-none-eabi/12.3.1/../../../../arm-none-eabi/lib/thumb/v6-m/nofp/libc_nano.a(libc_a-fwalk.o)
                              /Applications/ArmGNUToolchain/12.3.rel1/arm-none-eabi/bin/../lib/gcc/arm-none-eabi/12.3.1/../../../../arm-none-eabi/lib/thumb/v6-m/nofp/libc_nano.a(libc_a-findfp.o) (_fwalk_sglue)
/Applications/ArmGNUToolchain/12.3.rel1/arm-none-eabi/bin/../lib/gcc/arm-none-eabi/12.3.1/../../../../arm-none-eabi/lib/thumb/v6-m/nofp/libc_nano.a(libc_a-memset.o)
                              /Applications/ArmGNUToolchain/12.3.rel1/arm-none-eabi/bin/../lib/gcc/arm-none-eabi/12.3.1/../../../../arm-none-eabi/lib/thumb/v6-m/nofp/crt0.o (memset)
/Applications/ArmGNUToolchain/12.3.rel1/arm-none-eabi/bin/../lib/gcc/arm-none-eabi/12.3.1/../../../../arm-none-eabi/lib/thumb/v6-m/nofp/libc_nano.a(libc_a-impure.o)
                              /Applications/ArmGNUToolchain/12.3.rel1/arm-none-eabi/bin/../lib/gcc/arm-none-eabi/12.3.1/../../../../arm-none-eabi/lib/thumb/v6-m/nofp/libc_nano.a(libc_a-findfp.o) (_impure_data)
/Applications/ArmGNUToolchain/12.3.rel1/arm-none-eabi/bin/../lib/gcc/arm-none-eabi/12.3.1/../../../../arm-none-eabi/lib/thumb/v6-m/nofp/libc_nano.a(libc_a-init.o)
                              /Applications/ArmGNUToolchain/12.3.rel1/arm-none-eabi/bin/../lib/gcc/arm-none-eabi/12.3.1/../../../../arm-none-eabi/lib/thumb/v6-m/nofp/crt0.o (__libc_init_array)
/Applications/ArmGNUToolchain/12.3.rel1/arm-none-eabi/bin/../lib/gcc/arm-none-eabi/12.3.1/../../../../arm-none-eabi/lib/thumb/v6-m/nofp/libc_nano.a(libc_a-lock.o)
                              /Applications/ArmGNUToolchain/12.3.rel1/arm-none-eabi/bin/../lib/gcc/arm-none-eabi/12.3.1/../../../../arm-none-eabi/lib/thumb/v6-m/nofp/libc_nano.a(libc_a-findfp.o) (__retarget_lock_init_recursive)
/Applications/ArmGNUToolchain/12.3.rel1/arm-none-eabi/bin/../lib/gcc/arm-none-eabi/12.3.1/../../../../arm-none-eabi/lib/thumb/v6-m/nofp/libc_nano.a(libc_a-mallocr.o)
                              /Applications/ArmGNUToolchain/12.3.rel1/arm-none-eabi/bin/../lib/gcc/arm-none-eabi/12.3.1/../../../../arm-none-eabi/lib/thumb/v6-m/nofp/libc_nano.a(libc_a-findfp.o) (_malloc_r)
/Applications/ArmGNUToolchain/12.3.rel1/arm-none-eabi/bin/../lib/gcc/arm-none-eabi/12.3.1/../../../../arm-none-eabi/lib/thumb/v6-m/nofp/libc_nano.a(libc_a-fflush.o)
                              /Applications/ArmGNUToolchain/12.3.rel1/arm-none-eabi/bin/../lib/gcc/arm-none-eabi/12.3.1/../../../../arm-none-eabi/lib/thumb/v6-m/nofp/libc_nano.a(libc_a-findfp.o) (_fflush_r)
/Applications/ArmGNUToolchain/12.3.rel1/arm-none-eabi/bin/../lib/gcc/arm-none-eabi/12.3.1/../../../../arm-none-eabi/lib/thumb/v6-m/nofp/libc_nano.a(libc_a-mlock.o)
                              /Applications/ArmGNUToolchain/12.3.rel1/arm-none-eabi/bin/../lib/gcc/arm-none-eabi/12.3.1/../../../../arm-none-eabi/lib/thumb/v6-m/nofp/libc_nano.a(libc_a-mallocr.o) (__malloc_lock)
/Applications/ArmGNUToolchain/12.3.rel1/arm-none-eabi/bin/../lib/gcc/arm-none-eabi/12.3.1/../../../../arm-none-eabi/lib/thumb/v6-m/nofp/libc_nano.a(libc_a-stdio.o)
                              /Applications/ArmGNUToolchain/12.3.rel1/arm-none-eabi/bin/../lib/gcc/arm-none-eabi/12.3.1/../../../../arm-none-eabi/lib/thumb/v6-m/nofp/libc_nano.a(libc_a-findfp.o) (__sread)
/Applications/ArmGNUToolchain/12.3.rel1/arm-none-eabi/bin/../lib/gcc/arm-none-eabi/12.3.1/../../../../arm-none-eabi/lib/thumb/v6-m/nofp/libc_nano.a(libc_a-closer.o)
                              /Applications/ArmGNUToolchain/12.3.rel1/arm-none-eabi/bin/../lib/gcc/arm-none-eabi/12.3.1/../../../../arm-none-eabi/lib/thumb/v6-m/nofp/libc_nano.a(libc_a-stdio.o) (_close_r)
/Applications/ArmGNUToolchain/12.3.rel1/arm-none-eabi/bin/../lib/gcc/arm-none-eabi/12.3.1/../../../../arm-none-eabi/lib/thumb/v6-m/nofp/libc_nano.a(libc_a-reent.o)
                              /Applications/ArmGNUToolchain/12.3.rel1/arm-none-eabi/bin/../lib/gcc/arm-none-eabi/12.3.1/../../../../arm-none-eabi/lib/thumb/v6-m/nofp/libc_nano.a(libc_a-closer.o) (errno)
[...]
Memory Configuration

Name             Origin             Length             Attributes
RAM              0x20000000         0x00002000         xrw
FLASH            0x08000000         0x00008000         xr
*default*        0x00000000         0xffffffff

Linker script and memory map

LOAD /Applications/ArmGNUToolchain/12.3.rel1/arm-none-eabi/bin/../lib/gcc/arm-none-eabi/12.3.1/thumb/v6-m/nofp/crti.o
LOAD /Applications/ArmGNUToolchain/12.3.rel1/arm-none-eabi/bin/../lib/gcc/arm-none-eabi/12.3.1/thumb/v6-m/nofp/crtbegin.o
LOAD /Applications/ArmGNUToolchain/12.3.rel1/arm-none-eabi/bin/../lib/gcc/arm-none-eabi/12.3.1/../../../../arm-none-eabi/lib/thumb/v6-m/nofp/crt0.o
START GROUP
LOAD /Applications/ArmGNUToolchain/12.3.rel1/arm-none-eabi/bin/../lib/gcc/arm-none-eabi/12.3.1/../../../../arm-none-eabi/lib/thumb/v6-m/nofp/libc_nano.a
LOAD /Applications/ArmGNUToolchain/12.3.rel1/arm-none-eabi/bin/../lib/gcc/arm-none-eabi/12.3.1/../../../../arm-none-eabi/lib/thumb/v6-m/nofp/libm.a
END GROUP
LOAD CMakeFiles/luminaire.dir/Core/Src/main.c.obj
LOAD CMakeFiles/luminaire.dir/Core/Src/stm32g0xx_it.c.obj
LOAD CMakeFiles/luminaire.dir/Drivers/STM32G0xx_HAL_Driver/Src/stm32g0xx_ll_utils.c.obj
LOAD CMakeFiles/luminaire.dir/Drivers/STM32G0xx_HAL_Driver/Src/stm32g0xx_ll_exti.c.obj
LOAD CMakeFiles/luminaire.dir/Drivers/STM32G0xx_HAL_Driver/Src/stm32g0xx_ll_gpio.c.obj
LOAD CMakeFiles/luminaire.dir/Drivers/STM32G0xx_HAL_Driver/Src/stm32g0xx_ll_pwr.c.obj
LOAD CMakeFiles/luminaire.dir/Drivers/STM32G0xx_HAL_Driver/Src/stm32g0xx_ll_tim.c.obj
LOAD CMakeFiles/luminaire.dir/Drivers/STM32G0xx_HAL_Driver/Src/stm32g0xx_ll_dma.c.obj
LOAD CMakeFiles/luminaire.dir/Drivers/STM32G0xx_HAL_Driver/Src/stm32g0xx_ll_rcc.c.obj
LOAD CMakeFiles/luminaire.dir/Core/Src/system_stm32g0xx.c.obj
LOAD CMakeFiles/luminaire.dir/Core/Src/sysmem.c.obj
LOAD CMakeFiles/luminaire.dir/Core/Src/syscalls.c.obj
LOAD CMakeFiles/luminaire.dir/startup_stm32g030xx.s.obj
START GROUP
LOAD /Applications/ArmGNUToolchain/12.3.rel1/arm-none-eabi/bin/../lib/gcc/arm-none-eabi/12.3.1/thumb/v6-m/nofp/libgcc.a
LOAD /Applications/ArmGNUToolchain/12.3.rel1/arm-none-eabi/bin/../lib/gcc/arm-none-eabi/12.3.1/../../../../arm-none-eabi/lib/thumb/v6-m/nofp/libg_nano.a
LOAD /Applications/ArmGNUToolchain/12.3.rel1/arm-none-eabi/bin/../lib/gcc/arm-none-eabi/12.3.1/../../../../arm-none-eabi/lib/thumb/v6-m/nofp/libc_nano.a
END GROUP
START GROUP
LOAD /Applications/ArmGNUToolchain/12.3.rel1/arm-none-eabi/bin/../lib/gcc/arm-none-eabi/12.3.1/thumb/v6-m/nofp/libgcc.a
LOAD /Applications/ArmGNUToolchain/12.3.rel1/arm-none-eabi/bin/../lib/gcc/arm-none-eabi/12.3.1/../../../../arm-none-eabi/lib/thumb/v6-m/nofp/libc_nano.a
END GROUP
LOAD /Applications/ArmGNUToolchain/12.3.rel1/arm-none-eabi/bin/../lib/gcc/arm-none-eabi/12.3.1/thumb/v6-m/nofp/crtend.o
LOAD /Applications/ArmGNUToolchain/12.3.rel1/arm-none-eabi/bin/../lib/gcc/arm-none-eabi/12.3.1/thumb/v6-m/nofp/crtn.o
                0x20002000                        _estack = (ORIGIN (RAM) + LENGTH (RAM))
                0x00000200                        _Min_Heap_Size = 0x200
                0x00000400                        _Min_Stack_Size = 0x400

.isr_vector     0x08000000       0xb8
                0x08000000                        . = ALIGN (0x4)
 *(.isr_vector)
 .isr_vector    0x08000000       0xb8 CMakeFiles/luminaire.dir/startup_stm32g030xx.s.obj
                0x08000000                g_pfnVectors
                0x080000b8                        . = ALIGN (0x4)

.text           0x080000b8     0x10a0
                0x080000b8                        . = ALIGN (0x4)
 *(.text)
 .text          0x080000b8      0x114 /Applications/ArmGNUToolchain/12.3.rel1/arm-none-eabi/bin/../lib/gcc/arm-none-eabi/12.3.1/thumb/v6-m/nofp/libgcc.a(_udivsi3.o)
                0x080000b8                __udivsi3
                0x080000b8                __aeabi_uidiv
                0x080001c4                __aeabi_uidivmod
 .text          0x080001cc        0x4 /Applications/ArmGNUToolchain/12.3.rel1/arm-none-eabi/bin/../lib/gcc/arm-none-eabi/12.3.1/thumb/v6-m/nofp/libgcc.a(_dvmd_tls.o)
                0x080001cc                __aeabi_ldiv0
                0x080001cc                __aeabi_idiv0
 *(.text*)
 .text.deregister_tm_clones
                0x080001d0       0x20 /Applications/ArmGNUToolchain/12.3.rel1/arm-none-eabi/bin/../lib/gcc/arm-none-eabi/12.3.1/thumb/v6-m/nofp/crtbegin.o
 .text.register_tm_clones
                0x080001f0       0x28 /Applications/ArmGNUToolchain/12.3.rel1/arm-none-eabi/bin/../lib/gcc/arm-none-eabi/12.3.1/thumb/v6-m/nofp/crtbegin.o
 .text.__do_global_dtors_aux
                0x08000218       0x2c /Applications/ArmGNUToolchain/12.3.rel1/arm-none-eabi/bin/../lib/gcc/arm-none-eabi/12.3.1/thumb/v6-m/nofp/crtbegin.o
 .text.frame_dummy
                0x08000244       0x24 /Applications/ArmGNUToolchain/12.3.rel1/arm-none-eabi/bin/../lib/gcc/arm-none-eabi/12.3.1/thumb/v6-m/nofp/crtbegin.o
 .text.memset   0x08000268       0x10 /Applications/ArmGNUToolchain/12.3.rel1/arm-none-eabi/bin/../lib/gcc/arm-none-eabi/12.3.1/../../../../arm-none-eabi/lib/thumb/v6-m/nofp/libc_nano.a(libc_a-memset.o)
                0x08000268                memset
 .text.__libc_init_array
                0x08000278       0x48 /Applications/ArmGNUToolchain/12.3.rel1/arm-none-eabi/bin/../lib/gcc/arm-none-eabi/12.3.1/../../../../arm-none-eabi/lib/thumb/v6-m/nofp/libc_nano.a(libc_a-init.o)
                0x08000278                __libc_init_array
 .text.__NVIC_EnableIRQ
                0x080002c0       0x34 CMakeFiles/luminaire.dir/Core/Src/main.c.obj
 .text.__NVIC_SetPriority
                0x080002f4       0xdc CMakeFiles/luminaire.dir/Core/Src/main.c.obj
 .text.LL_RCC_HSI_Enable
                0x080003d0       0x1c CMakeFiles/luminaire.dir/Core/Src/main.c.obj
 .text.LL_RCC_HSI_IsReady
                0x080003ec       0x28 CMakeFiles/luminaire.dir/Core/Src/main.c.obj
 .text.LL_RCC_SetSysClkSource
                0x08000414       0x28 CMakeFiles/luminaire.dir/Core/Src/main.c.obj
 .text.LL_RCC_GetSysClkSource
                0x0800043c       0x18 CMakeFiles/luminaire.dir/Core/Src/main.c.obj
 .text.LL_RCC_SetAHBPrescaler
                0x08000454       0x2c CMakeFiles/luminaire.dir/Core/Src/main.c.obj
 .text.LL_RCC_SetAPB1Prescaler
                0x08000480       0x2c CMakeFiles/luminaire.dir/Core/Src/main.c.obj
 .text.LL_APB1_GRP1_EnableClock
                0x080004ac       0x2c CMakeFiles/luminaire.dir/Core/Src/main.c.obj
 .text.LL_APB2_GRP1_EnableClock
                0x080004d8       0x2c CMakeFiles/luminaire.dir/Core/Src/main.c.obj
 .text.LL_IOP_GRP1_EnableClock
                0x08000504       0x2c CMakeFiles/luminaire.dir/Core/Src/main.c.obj
 .text.LL_EXTI_SetEXTISource
                0x08000530       0x4c CMakeFiles/luminaire.dir/Core/Src/main.c.obj
 .text.LL_TIM_DisableARRPreload
                0x0800057c       0x1e CMakeFiles/luminaire.dir/Core/Src/main.c.obj
 *fill*         0x0800059a        0x2 
 .text.LL_TIM_SetClockSource
                0x0800059c       0x28 CMakeFiles/luminaire.dir/Core/Src/main.c.obj
 .text.LL_TIM_SetTriggerOutput
                0x080005c4       0x24 CMakeFiles/luminaire.dir/Core/Src/main.c.obj
 .text.LL_TIM_DisableMasterSlaveMode
                0x080005e8       0x1e CMakeFiles/luminaire.dir/Core/Src/main.c.obj
 .text.LL_GPIO_SetPinMode
                0x08000606       0x38 CMakeFiles/luminaire.dir/Core/Src/main.c.obj
 .text.LL_GPIO_SetPinPull
                0x0800063e       0x38 CMakeFiles/luminaire.dir/Core/Src/main.c.obj
 .text.LL_GPIO_ResetOutputPin
                0x08000676       0x18 CMakeFiles/luminaire.dir/Core/Src/main.c.obj
 .text.main     0x0800068e       0x30 CMakeFiles/luminaire.dir/Core/Src/main.c.obj
                0x0800068e                main
 *fill*         0x080006be        0x2 
 .text.SystemClock_Config
                0x080006c0       0x4c CMakeFiles/luminaire.dir/Core/Src/main.c.obj
                0x080006c0                SystemClock_Config
 .text.MX_TIM3_Init
                0x0800070c       0x80 CMakeFiles/luminaire.dir/Core/Src/main.c.obj
 .text.MX_GPIO_Init
                0x0800078c      0x2f4 CMakeFiles/luminaire.dir/Core/Src/main.c.obj
 .text.NMI_Handler
                0x08000a80        0x8 CMakeFiles/luminaire.dir/Core/Src/stm32g0xx_it.c.obj
                0x08000a80                NMI_Handler
 .text.HardFault_Handler
                0x08000a88        0x8 CMakeFiles/luminaire.dir/Core/Src/stm32g0xx_it.c.obj
                0x08000a88                HardFault_Handler
 .text.SVC_Handler
                0x08000a90        0xa CMakeFiles/luminaire.dir/Core/Src/stm32g0xx_it.c.obj
                0x08000a90                SVC_Handler
 .text.PendSV_Handler
                0x08000a9a        0xa CMakeFiles/luminaire.dir/Core/Src/stm32g0xx_it.c.obj
                0x08000a9a                PendSV_Handler
 .text.SysTick_Handler
                0x08000aa4        0xa CMakeFiles/luminaire.dir/Core/Src/stm32g0xx_it.c.obj
                0x08000aa4                SysTick_Handler
 *fill*         0x08000aae        0x2 
 .text.TIM3_IRQHandler
                0x08000ab0       0x34 CMakeFiles/luminaire.dir/Core/Src/stm32g0xx_it.c.obj
                0x08000ab0                TIM3_IRQHandler
 .text.LL_InitTick
                0x08000ae4       0x34 CMakeFiles/luminaire.dir/Drivers/STM32G0xx_HAL_Driver/Src/stm32g0xx_ll_utils.c.obj
 .text.LL_Init1msTick
                0x08000b18       0x1e CMakeFiles/luminaire.dir/Drivers/STM32G0xx_HAL_Driver/Src/stm32g0xx_ll_utils.c.obj
                0x08000b18                LL_Init1msTick
 *fill*         0x08000b36        0x2 
 .text.LL_SetSystemCoreClock
                0x08000b38       0x1c CMakeFiles/luminaire.dir/Drivers/STM32G0xx_HAL_Driver/Src/stm32g0xx_ll_utils.c.obj
                0x08000b38                LL_SetSystemCoreClock
 .text.LL_EXTI_EnableIT_0_31
                0x08000b54       0x24 CMakeFiles/luminaire.dir/Drivers/STM32G0xx_HAL_Driver/Src/stm32g0xx_ll_exti.c.obj
 .text.LL_EXTI_DisableIT_0_31
                0x08000b78       0x28 CMakeFiles/luminaire.dir/Drivers/STM32G0xx_HAL_Driver/Src/stm32g0xx_ll_exti.c.obj
 .text.LL_EXTI_EnableEvent_0_31
                0x08000ba0       0x24 CMakeFiles/luminaire.dir/Drivers/STM32G0xx_HAL_Driver/Src/stm32g0xx_ll_exti.c.obj
 .text.LL_EXTI_DisableEvent_0_31
                0x08000bc4       0x28 CMakeFiles/luminaire.dir/Drivers/STM32G0xx_HAL_Driver/Src/stm32g0xx_ll_exti.c.obj
 .text.LL_EXTI_EnableRisingTrig_0_31
                0x08000bec       0x20 CMakeFiles/luminaire.dir/Drivers/STM32G0xx_HAL_Driver/Src/stm32g0xx_ll_exti.c.obj
 .text.LL_EXTI_DisableRisingTrig_0_31
                0x08000c0c       0x24 CMakeFiles/luminaire.dir/Drivers/STM32G0xx_HAL_Driver/Src/stm32g0xx_ll_exti.c.obj
 .text.LL_EXTI_EnableFallingTrig_0_31
                0x08000c30       0x20 CMakeFiles/luminaire.dir/Drivers/STM32G0xx_HAL_Driver/Src/stm32g0xx_ll_exti.c.obj
 .text.LL_EXTI_DisableFallingTrig_0_31
                0x08000c50       0x24 CMakeFiles/luminaire.dir/Drivers/STM32G0xx_HAL_Driver/Src/stm32g0xx_ll_exti.c.obj
 .text.LL_EXTI_Init
                0x08000c74      0x102 CMakeFiles/luminaire.dir/Drivers/STM32G0xx_HAL_Driver/Src/stm32g0xx_ll_exti.c.obj
                0x08000c74                LL_EXTI_Init
 .text.LL_GPIO_SetPinMode
                0x08000d76       0x38 CMakeFiles/luminaire.dir/Drivers/STM32G0xx_HAL_Driver/Src/stm32g0xx_ll_gpio.c.obj
 .text.LL_GPIO_SetPinOutputType
                0x08000dae       0x2a CMakeFiles/luminaire.dir/Drivers/STM32G0xx_HAL_Driver/Src/stm32g0xx_ll_gpio.c.obj
 .text.LL_GPIO_SetPinSpeed
                0x08000dd8       0x38 CMakeFiles/luminaire.dir/Drivers/STM32G0xx_HAL_Driver/Src/stm32g0xx_ll_gpio.c.obj
 .text.LL_GPIO_SetPinPull
                0x08000e10       0x38 CMakeFiles/luminaire.dir/Drivers/STM32G0xx_HAL_Driver/Src/stm32g0xx_ll_gpio.c.obj
 .text.LL_GPIO_SetAFPin_0_7
                0x08000e48       0x46 CMakeFiles/luminaire.dir/Drivers/STM32G0xx_HAL_Driver/Src/stm32g0xx_ll_gpio.c.obj
 .text.LL_GPIO_SetAFPin_8_15
                0x08000e8e       0x5a CMakeFiles/luminaire.dir/Drivers/STM32G0xx_HAL_Driver/Src/stm32g0xx_ll_gpio.c.obj
 .text.LL_GPIO_Init
                0x08000ee8       0xb6 CMakeFiles/luminaire.dir/Drivers/STM32G0xx_HAL_Driver/Src/stm32g0xx_ll_gpio.c.obj
                0x08000ee8                LL_GPIO_Init
 .text.LL_TIM_SetPrescaler
                0x08000f9e       0x18 CMakeFiles/luminaire.dir/Drivers/STM32G0xx_HAL_Driver/Src/stm32g0xx_ll_tim.c.obj
 .text.LL_TIM_SetAutoReload
                0x08000fb6       0x18 CMakeFiles/luminaire.dir/Drivers/STM32G0xx_HAL_Driver/Src/stm32g0xx_ll_tim.c.obj
 .text.LL_TIM_SetRepetitionCounter
                0x08000fce       0x18 CMakeFiles/luminaire.dir/Drivers/STM32G0xx_HAL_Driver/Src/stm32g0xx_ll_tim.c.obj
 .text.LL_TIM_GenerateEvent_UPDATE
                0x08000fe6       0x1c CMakeFiles/luminaire.dir/Drivers/STM32G0xx_HAL_Driver/Src/stm32g0xx_ll_tim.c.obj
 *fill*         0x08001002        0x2 
 .text.LL_TIM_Init
                0x08001004       0xdc CMakeFiles/luminaire.dir/Drivers/STM32G0xx_HAL_Driver/Src/stm32g0xx_ll_tim.c.obj
                0x08001004                LL_TIM_Init
 .text.SystemInit
                0x080010e0        0xa CMakeFiles/luminaire.dir/Core/Src/system_stm32g0xx.c.obj
                0x080010e0                SystemInit
 *fill*         0x080010ea        0x2 
 .text.Reset_Handler
                0x080010ec       0x50 CMakeFiles/luminaire.dir/startup_stm32g030xx.s.obj
                0x080010ec                Reset_Handler
 .text.Default_Handler
                0x0800113c        0x2 CMakeFiles/luminaire.dir/startup_stm32g030xx.s.obj
                0x0800113c                TIM1_BRK_UP_TRG_COM_IRQHandler
                0x0800113c                I2C1_IRQHandler
                0x0800113c                RTC_TAMP_IRQHandler
                0x0800113c                SPI1_IRQHandler
                0x0800113c                DMA1_Ch4_5_DMAMUX1_OVR_IRQHandler
                0x0800113c                EXTI2_3_IRQHandler
                0x0800113c                ADC1_IRQHandler
                0x0800113c                I2C2_IRQHandler
                0x0800113c                TIM17_IRQHandler
                0x0800113c                TIM16_IRQHandler
                0x0800113c                EXTI4_15_IRQHandler
                0x0800113c                RCC_IRQHandler
                0x0800113c                DMA1_Channel1_IRQHandler
                0x0800113c                Default_Handler
                0x0800113c                TIM14_IRQHandler
                0x0800113c                EXTI0_1_IRQHandler
                0x0800113c                SPI2_IRQHandler
                0x0800113c                WWDG_IRQHandler
                0x0800113c                DMA1_Channel2_3_IRQHandler
                0x0800113c                USART2_IRQHandler
                0x0800113c                FLASH_IRQHandler
                0x0800113c                USART1_IRQHandler
                0x0800113c                TIM1_CC_IRQHandler
 *(.glue_7)
 .glue_7        0x0800113e        0x0 linker stubs
 *(.glue_7t)
 .glue_7t       0x0800113e        0x0 linker stubs
 *(.eh_frame)
 *fill*         0x0800113e        0x2 
 .eh_frame      0x08001140        0x0 /Applications/ArmGNUToolchain/12.3.rel1/arm-none-eabi/bin/../lib/gcc/arm-none-eabi/12.3.1/thumb/v6-m/nofp/crtbegin.o
 *(.init)
 .init          0x08001140        0x4 /Applications/ArmGNUToolchain/12.3.rel1/arm-none-eabi/bin/../lib/gcc/arm-none-eabi/12.3.1/thumb/v6-m/nofp/crti.o
                0x08001140                _init
 .init          0x08001144        0x8 /Applications/ArmGNUToolchain/12.3.rel1/arm-none-eabi/bin/../lib/gcc/arm-none-eabi/12.3.1/thumb/v6-m/nofp/crtn.o
 *(.fini)
 .fini          0x0800114c        0x4 /Applications/ArmGNUToolchain/12.3.rel1/arm-none-eabi/bin/../lib/gcc/arm-none-eabi/12.3.1/thumb/v6-m/nofp/crti.o
                0x0800114c                _fini
 .fini          0x08001150        0x8 /Applications/ArmGNUToolchain/12.3.rel1/arm-none-eabi/bin/../lib/gcc/arm-none-eabi/12.3.1/thumb/v6-m/nofp/crtn.o
                0x08001158                        . = ALIGN (0x4)
                0x08001158                        _etext = .

.vfp11_veneer   0x08001158        0x0
 .vfp11_veneer  0x08001158        0x0 linker stubs

.v4_bx          0x08001158        0x0
 .v4_bx         0x08001158        0x0 linker stubs

.iplt           0x08001158        0x0
 .iplt          0x08001158        0x0 /Applications/ArmGNUToolchain/12.3.rel1/arm-none-eabi/bin/../lib/gcc/arm-none-eabi/12.3.1/thumb/v6-m/nofp/crtbegin.o

.rel.dyn        0x08001158        0x0
 .rel.iplt      0x08001158        0x0 /Applications/ArmGNUToolchain/12.3.rel1/arm-none-eabi/bin/../lib/gcc/arm-none-eabi/12.3.1/thumb/v6-m/nofp/crtbegin.o

.rodata         0x08001158        0x0
                0x08001158                        . = ALIGN (0x4)
 *(.rodata)
 *(.rodata*)
                0x08001158                        . = ALIGN (0x4)

.ARM.extab
 *(.ARM.extab* .gnu.linkonce.armextab.*)

.ARM            0x08001158        0x0
                0x08001158                        __exidx_start = .
 *(.ARM.exidx*)
                0x08001158                        __exidx_end = .

.preinit_array  0x08001158        0x0
                0x08001158                        PROVIDE (__preinit_array_start = .)
 *(.preinit_array*)
                0x08001158                        PROVIDE (__preinit_array_end = .)

.init_array     0x08001158        0x4
                0x08001158                        PROVIDE (__init_array_start = .)
 *(SORT_BY_NAME(.init_array.*))
 *(.init_array*)
 .init_array    0x08001158        0x4 /Applications/ArmGNUToolchain/12.3.rel1/arm-none-eabi/bin/../lib/gcc/arm-none-eabi/12.3.1/thumb/v6-m/nofp/crtbegin.o
                0x0800115c                        PROVIDE (__init_array_end = .)

.fini_array     0x0800115c        0x4
                [!provide]                        PROVIDE (__fini_array_start = .)
 *(SORT_BY_NAME(.fini_array.*))
 *(.fini_array*)
 .fini_array    0x0800115c        0x4 /Applications/ArmGNUToolchain/12.3.rel1/arm-none-eabi/bin/../lib/gcc/arm-none-eabi/12.3.1/thumb/v6-m/nofp/crtbegin.o
                [!provide]                        PROVIDE (__fini_array_end = .)
                0x08001160                        _sidata = LOADADDR (.data)

.data           0x20000000        0x4 load address 0x08001160
                0x20000000                        . = ALIGN (0x4)
                0x20000000                        _sdata = .
 *(.data)
 *(.data*)
 .data.SystemCoreClock
                0x20000000        0x4 CMakeFiles/luminaire.dir/Core/Src/system_stm32g0xx.c.obj
                0x20000000                SystemCoreClock
                0x20000004                        . = ALIGN (0x4)
                0x20000004                        _edata = .

.tm_clone_table
                0x20000004        0x0 load address 0x08001164
 .tm_clone_table
                0x20000004        0x0 /Applications/ArmGNUToolchain/12.3.rel1/arm-none-eabi/bin/../lib/gcc/arm-none-eabi/12.3.1/thumb/v6-m/nofp/crtbegin.o
 .tm_clone_table
                0x20000004        0x0 /Applications/ArmGNUToolchain/12.3.rel1/arm-none-eabi/bin/../lib/gcc/arm-none-eabi/12.3.1/thumb/v6-m/nofp/crtend.o

.igot.plt       0x20000004        0x0 load address 0x08001164
 .igot.plt      0x20000004        0x0 /Applications/ArmGNUToolchain/12.3.rel1/arm-none-eabi/bin/../lib/gcc/arm-none-eabi/12.3.1/thumb/v6-m/nofp/crtbegin.o
                0x20000004                        . = ALIGN (0x4)

.bss            0x20000004       0x20 load address 0x08001164
                0x20000004                        _sbss = .
                0x20000004                        __bss_start__ = _sbss
 *(.bss)
 *(.bss*)
 .bss.completed.1
                0x20000004        0x1 /Applications/ArmGNUToolchain/12.3.rel1/arm-none-eabi/bin/../lib/gcc/arm-none-eabi/12.3.1/thumb/v6-m/nofp/crtbegin.o
 *fill*         0x20000005        0x3 
 .bss.object.0  0x20000008       0x18 /Applications/ArmGNUToolchain/12.3.rel1/arm-none-eabi/bin/../lib/gcc/arm-none-eabi/12.3.1/thumb/v6-m/nofp/crtbegin.o
 .bss.click_count.0
                0x20000020        0x1 CMakeFiles/luminaire.dir/Core/Src/stm32g0xx_it.c.obj
 *(COMMON)
                0x20000024                        . = ALIGN (0x4)
 *fill*         0x20000021        0x3 
                0x20000024                        _ebss = .
                0x20000024                        __bss_end__ = _ebss

._user_heap_stack
                0x20000024      0x604 load address 0x08001164
                0x20000028                        . = ALIGN (0x8)
 *fill*         0x20000024        0x4 
                [!provide]                        PROVIDE (end = .)
                0x20000028                        PROVIDE (_end = .)
                0x20000228                        . = (. + _Min_Heap_Size)
 *fill*         0x20000028      0x200 
                0x20000628                        . = (. + _Min_Stack_Size)
 *fill*         0x20000228      0x400 
                0x20000628                        . = ALIGN (0x8)

/DISCARD/
 libc.a(*)
 libm.a(*)
 libgcc.a(*)
OUTPUT(luminaire.elf elf32-littlearm)
LOAD linker stubs
LOAD /Applications/ArmGNUToolchain/12.3.rel1/arm-none-eabi/bin/../lib/gcc/arm-none-eabi/12.3.1/../../../../arm-none-eabi/lib/thumb/v6-m/nofp/libc.a
LOAD /Applications/ArmGNUToolchain/12.3.rel1/arm-none-eabi/bin/../lib/gcc/arm-none-eabi/12.3.1/../../../../arm-none-eabi/lib/thumb/v6-m/nofp/libm.a
LOAD /Applications/ArmGNUToolchain/12.3.rel1/arm-none-eabi/bin/../lib/gcc/arm-none-eabi/12.3.1/thumb/v6-m/nofp/libgcc.a

.ARM.attributes
                0x00000000       0x28
 .ARM.attributes
                0x00000000       0x1e /Applications/ArmGNUToolchain/12.3.rel1/arm-none-eabi/bin/../lib/gcc/arm-none-eabi/12.3.1/thumb/v6-m/nofp/crti.o
 .ARM.attributes
                0x0000001e       0x2c /Applications/ArmGNUToolchain/12.3.rel1/arm-none-eabi/bin/../lib/gcc/arm-none-eabi/12.3.1/thumb/v6-m/nofp/crtbegin.o
 .ARM.attributes
                0x0000004a       0x2c /Applications/ArmGNUToolchain/12.3.rel1/arm-none-eabi/bin/../lib/gcc/arm-none-eabi/12.3.1/../../../../arm-none-eabi/lib/thumb/v6-m/nofp/libc_nano.a(libc_a-memset.o)
 .ARM.attributes
                0x00000076       0x2c /Applications/ArmGNUToolchain/12.3.rel1/arm-none-eabi/bin/../lib/gcc/arm-none-eabi/12.3.1/../../../../arm-none-eabi/lib/thumb/v6-m/nofp/libc_nano.a(libc_a-init.o)
 .ARM.attributes
                0x000000a2       0x2c CMakeFiles/luminaire.dir/Core/Src/main.c.obj
 .ARM.attributes
                0x000000ce       0x2c CMakeFiles/luminaire.dir/Core/Src/stm32g0xx_it.c.obj
 .ARM.attributes
                0x000000fa       0x2c CMakeFiles/luminaire.dir/Drivers/STM32G0xx_HAL_Driver/Src/stm32g0xx_ll_utils.c.obj
 .ARM.attributes
                0x00000126       0x2c CMakeFiles/luminaire.dir/Drivers/STM32G0xx_HAL_Driver/Src/stm32g0xx_ll_exti.c.obj
 .ARM.attributes
                0x00000152       0x2c CMakeFiles/luminaire.dir/Drivers/STM32G0xx_HAL_Driver/Src/stm32g0xx_ll_gpio.c.obj
 .ARM.attributes
                0x0000017e       0x2c CMakeFiles/luminaire.dir/Drivers/STM32G0xx_HAL_Driver/Src/stm32g0xx_ll_tim.c.obj
 .ARM.attributes
                0x000001aa       0x2c CMakeFiles/luminaire.dir/Core/Src/system_stm32g0xx.c.obj
 .ARM.attributes
                0x000001d6       0x22 CMakeFiles/luminaire.dir/startup_stm32g030xx.s.obj
 .ARM.attributes
                0x000001f8       0x1e /Applications/ArmGNUToolchain/12.3.rel1/arm-none-eabi/bin/../lib/gcc/arm-none-eabi/12.3.1/thumb/v6-m/nofp/libgcc.a(_udivsi3.o)
 .ARM.attributes
                0x00000216       0x1e /Applications/ArmGNUToolchain/12.3.rel1/arm-none-eabi/bin/../lib/gcc/arm-none-eabi/12.3.1/thumb/v6-m/nofp/libgcc.a(_dvmd_tls.o)
 .ARM.attributes
                0x00000234       0x2c /Applications/ArmGNUToolchain/12.3.rel1/arm-none-eabi/bin/../lib/gcc/arm-none-eabi/12.3.1/thumb/v6-m/nofp/crtend.o
 .ARM.attributes
                0x00000260       0x1e /Applications/ArmGNUToolchain/12.3.rel1/arm-none-eabi/bin/../lib/gcc/arm-none-eabi/12.3.1/thumb/v6-m/nofp/crtn.o

.comment        0x00000000       0x45
 .comment       0x00000000       0x45 CMakeFiles/luminaire.dir/Core/Src/main.c.obj
                                 0x46 (size before relaxing)
 .comment       0x00000045       0x46 CMakeFiles/luminaire.dir/Core/Src/stm32g0xx_it.c.obj
 .comment       0x00000045       0x46 CMakeFiles/luminaire.dir/Drivers/STM32G0xx_HAL_Driver/Src/stm32g0xx_ll_utils.c.obj
 .comment       0x00000045       0x46 CMakeFiles/luminaire.dir/Drivers/STM32G0xx_HAL_Driver/Src/stm32g0xx_ll_exti.c.obj
 .comment       0x00000045       0x46 CMakeFiles/luminaire.dir/Drivers/STM32G0xx_HAL_Driver/Src/stm32g0xx_ll_gpio.c.obj
 .comment       0x00000045       0x46 CMakeFiles/luminaire.dir/Drivers/STM32G0xx_HAL_Driver/Src/stm32g0xx_ll_tim.c.obj
 .comment       0x00000045       0x46 CMakeFiles/luminaire.dir/Core/Src/system_stm32g0xx.c.obj

.debug_frame    0x00000000      0xf3c
 .debug_frame   0x00000000       0x20 /Applications/ArmGNUToolchain/12.3.rel1/arm-none-eabi/bin/../lib/gcc/arm-none-eabi/12.3.1/../../../../arm-none-eabi/lib/thumb/v6-m/nofp/libc_nano.a(libc_a-memset.o)
 .debug_frame   0x00000020       0x2c /Applications/ArmGNUToolchain/12.3.rel1/arm-none-eabi/bin/../lib/gcc/arm-none-eabi/12.3.1/../../../../arm-none-eabi/lib/thumb/v6-m/nofp/libc_nano.a(libc_a-init.o)
 .debug_frame   0x0000004c      0x2f8 CMakeFiles/luminaire.dir/Core/Src/main.c.obj
 .debug_frame   0x00000344       0xbc CMakeFiles/luminaire.dir/Core/Src/stm32g0xx_it.c.obj
 .debug_frame   0x00000400      0x324 CMakeFiles/luminaire.dir/Drivers/STM32G0xx_HAL_Driver/Src/stm32g0xx_ll_utils.c.obj
 .debug_frame   0x00000724      0x16c CMakeFiles/luminaire.dir/Drivers/STM32G0xx_HAL_Driver/Src/stm32g0xx_ll_exti.c.obj
 .debug_frame   0x00000890      0x170 CMakeFiles/luminaire.dir/Drivers/STM32G0xx_HAL_Driver/Src/stm32g0xx_ll_gpio.c.obj
 .debug_frame   0x00000a00      0x4d0 CMakeFiles/luminaire.dir/Drivers/STM32G0xx_HAL_Driver/Src/stm32g0xx_ll_tim.c.obj
 .debug_frame   0x00000ed0       0x4c CMakeFiles/luminaire.dir/Core/Src/system_stm32g0xx.c.obj
 .debug_frame   0x00000f1c       0x20 /Applications/ArmGNUToolchain/12.3.rel1/arm-none-eabi/bin/../lib/gcc/arm-none-eabi/12.3.1/thumb/v6-m/nofp/libgcc.a(_udivsi3.o)

.debug_info     0x00000000     0x3599
 .debug_info    0x00000000      0xe69 CMakeFiles/luminaire.dir/Core/Src/main.c.obj
 .debug_info    0x00000e69      0x1b3 CMakeFiles/luminaire.dir/Core/Src/stm32g0xx_it.c.obj
 .debug_info    0x0000101c      0x86f CMakeFiles/luminaire.dir/Drivers/STM32G0xx_HAL_Driver/Src/stm32g0xx_ll_utils.c.obj
 .debug_info    0x0000188b      0x3c7 CMakeFiles/luminaire.dir/Drivers/STM32G0xx_HAL_Driver/Src/stm32g0xx_ll_exti.c.obj
 .debug_info    0x00001c52      0x594 CMakeFiles/luminaire.dir/Drivers/STM32G0xx_HAL_Driver/Src/stm32g0xx_ll_gpio.c.obj
 .debug_info    0x000021e6     0x10c2 CMakeFiles/luminaire.dir/Drivers/STM32G0xx_HAL_Driver/Src/stm32g0xx_ll_tim.c.obj
 .debug_info    0x000032a8      0x2c1 CMakeFiles/luminaire.dir/Core/Src/system_stm32g0xx.c.obj
 .debug_info    0x00003569       0x30 CMakeFiles/luminaire.dir/startup_stm32g030xx.s.obj

.debug_abbrev   0x00000000      0xb9f
 .debug_abbrev  0x00000000      0x286 CMakeFiles/luminaire.dir/Core/Src/main.c.obj
 .debug_abbrev  0x00000286       0x9b CMakeFiles/luminaire.dir/Core/Src/stm32g0xx_it.c.obj
 .debug_abbrev  0x00000321      0x239 CMakeFiles/luminaire.dir/Drivers/STM32G0xx_HAL_Driver/Src/stm32g0xx_ll_utils.c.obj
 .debug_abbrev  0x0000055a      0x152 CMakeFiles/luminaire.dir/Drivers/STM32G0xx_HAL_Driver/Src/stm32g0xx_ll_exti.c.obj
 .debug_abbrev  0x000006ac      0x1a7 CMakeFiles/luminaire.dir/Drivers/STM32G0xx_HAL_Driver/Src/stm32g0xx_ll_gpio.c.obj
 .debug_abbrev  0x00000853      0x20d CMakeFiles/luminaire.dir/Drivers/STM32G0xx_HAL_Driver/Src/stm32g0xx_ll_tim.c.obj
 .debug_abbrev  0x00000a60      0x11b CMakeFiles/luminaire.dir/Core/Src/system_stm32g0xx.c.obj
 .debug_abbrev  0x00000b7b       0x24 CMakeFiles/luminaire.dir/startup_stm32g030xx.s.obj

.debug_aranges  0x00000000      0x480
 .debug_aranges
                0x00000000       0xd8 CMakeFiles/luminaire.dir/Core/Src/main.c.obj
 .debug_aranges
                0x000000d8       0x48 CMakeFiles/luminaire.dir/Core/Src/stm32g0xx_it.c.obj
 .debug_aranges
                0x00000120       0xe8 CMakeFiles/luminaire.dir/Drivers/STM32G0xx_HAL_Driver/Src/stm32g0xx_ll_utils.c.obj
 .debug_aranges
                0x00000208       0x70 CMakeFiles/luminaire.dir/Drivers/STM32G0xx_HAL_Driver/Src/stm32g0xx_ll_exti.c.obj
 .debug_aranges
                0x00000278       0x70 CMakeFiles/luminaire.dir/Drivers/STM32G0xx_HAL_Driver/Src/stm32g0xx_ll_gpio.c.obj
 .debug_aranges
                0x000002e8      0x148 CMakeFiles/luminaire.dir/Drivers/STM32G0xx_HAL_Driver/Src/stm32g0xx_ll_tim.c.obj
 .debug_aranges
                0x00000430       0x28 CMakeFiles/luminaire.dir/Core/Src/system_stm32g0xx.c.obj
 .debug_aranges
                0x00000458       0x28 CMakeFiles/luminaire.dir/startup_stm32g030xx.s.obj

.debug_rnglists
                0x00000000      0x350
 .debug_rnglists
                0x00000000       0xa0 CMakeFiles/luminaire.dir/Core/Src/main.c.obj
 .debug_rnglists
                0x000000a0       0x31 CMakeFiles/luminaire.dir/Core/Src/stm32g0xx_it.c.obj
 .debug_rnglists
                0x000000d1       0xad CMakeFiles/luminaire.dir/Drivers/STM32G0xx_HAL_Driver/Src/stm32g0xx_ll_utils.c.obj
 .debug_rnglists
                0x0000017e       0x50 CMakeFiles/luminaire.dir/Drivers/STM32G0xx_HAL_Driver/Src/stm32g0xx_ll_exti.c.obj
 .debug_rnglists
                0x000001ce       0x51 CMakeFiles/luminaire.dir/Drivers/STM32G0xx_HAL_Driver/Src/stm32g0xx_ll_gpio.c.obj
 .debug_rnglists
                0x0000021f       0xfe CMakeFiles/luminaire.dir/Drivers/STM32G0xx_HAL_Driver/Src/stm32g0xx_ll_tim.c.obj
 .debug_rnglists
                0x0000031d       0x1a CMakeFiles/luminaire.dir/Core/Src/system_stm32g0xx.c.obj
 .debug_rnglists
                0x00000337       0x19 CMakeFiles/luminaire.dir/startup_stm32g030xx.s.obj

.debug_macro    0x00000000     0xeb52
 .debug_macro   0x00000000      0x141 CMakeFiles/luminaire.dir/Core/Src/main.c.obj
 .debug_macro   0x00000141      0xacc CMakeFiles/luminaire.dir/Core/Src/main.c.obj
 .debug_macro   0x00000c0d       0x2e CMakeFiles/luminaire.dir/Core/Src/main.c.obj
 .debug_macro   0x00000c3b       0x28 CMakeFiles/luminaire.dir/Core/Src/main.c.obj
 .debug_macro   0x00000c63       0x22 CMakeFiles/luminaire.dir/Core/Src/main.c.obj
 .debug_macro   0x00000c85       0x8e CMakeFiles/luminaire.dir/Core/Src/main.c.obj
 .debug_macro   0x00000d13       0x51 CMakeFiles/luminaire.dir/Core/Src/main.c.obj
 .debug_macro   0x00000d64      0x103 CMakeFiles/luminaire.dir/Core/Src/main.c.obj
 .debug_macro   0x00000e67       0x6a CMakeFiles/luminaire.dir/Core/Src/main.c.obj
 .debug_macro   0x00000ed1      0x1df CMakeFiles/luminaire.dir/Core/Src/main.c.obj
 .debug_macro   0x000010b0       0x1c CMakeFiles/luminaire.dir/Core/Src/main.c.obj
 .debug_macro   0x000010cc       0x22 CMakeFiles/luminaire.dir/Core/Src/main.c.obj
 .debug_macro   0x000010ee       0xd1 CMakeFiles/luminaire.dir/Core/Src/main.c.obj
 .debug_macro   0x000011bf      0x4da CMakeFiles/luminaire.dir/Core/Src/main.c.obj
 .debug_macro   0x00001699      0x11f CMakeFiles/luminaire.dir/Core/Src/main.c.obj
 .debug_macro   0x000017b8     0xa0e8 CMakeFiles/luminaire.dir/Core/Src/main.c.obj
 .debug_macro   0x0000b8a0       0x66 CMakeFiles/luminaire.dir/Core/Src/main.c.obj
 .debug_macro   0x0000b906      0x464 CMakeFiles/luminaire.dir/Core/Src/main.c.obj
 .debug_macro   0x0000bd6a       0xd3 CMakeFiles/luminaire.dir/Core/Src/main.c.obj
 .debug_macro   0x0000be3d      0x12c CMakeFiles/luminaire.dir/Core/Src/main.c.obj
 .debug_macro   0x0000bf69      0x177 CMakeFiles/luminaire.dir/Core/Src/main.c.obj
 .debug_macro   0x0000c0e0      0x174 CMakeFiles/luminaire.dir/Core/Src/main.c.obj
 .debug_macro   0x0000c254       0x5a CMakeFiles/luminaire.dir/Core/Src/main.c.obj
 .debug_macro   0x0000c2ae      0x159 CMakeFiles/luminaire.dir/Core/Src/main.c.obj
 .debug_macro   0x0000c407      0x33c CMakeFiles/luminaire.dir/Core/Src/main.c.obj
 .debug_macro   0x0000c743      0x209 CMakeFiles/luminaire.dir/Core/Src/main.c.obj
 .debug_macro   0x0000c94c      0x8f3 CMakeFiles/luminaire.dir/Core/Src/main.c.obj
 .debug_macro   0x0000d23f      0x131 CMakeFiles/luminaire.dir/Core/Src/main.c.obj
 .debug_macro   0x0000d370       0x88 CMakeFiles/luminaire.dir/Core/Src/main.c.obj
 .debug_macro   0x0000d3f8      0x154 CMakeFiles/luminaire.dir/Core/Src/stm32g0xx_it.c.obj
 .debug_macro   0x0000d54c       0x22 CMakeFiles/luminaire.dir/Core/Src/stm32g0xx_it.c.obj
 .debug_macro   0x0000d56e      0x171 CMakeFiles/luminaire.dir/Drivers/STM32G0xx_HAL_Driver/Src/stm32g0xx_ll_utils.c.obj
 .debug_macro   0x0000d6df       0x54 CMakeFiles/luminaire.dir/Drivers/STM32G0xx_HAL_Driver/Src/stm32g0xx_ll_utils.c.obj
 .debug_macro   0x0000d733      0x46a CMakeFiles/luminaire.dir/Drivers/STM32G0xx_HAL_Driver/Src/stm32g0xx_ll_utils.c.obj
 .debug_macro   0x0000db9d       0xea CMakeFiles/luminaire.dir/Drivers/STM32G0xx_HAL_Driver/Src/stm32g0xx_ll_exti.c.obj
 .debug_macro   0x0000dc87      0x171 CMakeFiles/luminaire.dir/Drivers/STM32G0xx_HAL_Driver/Src/stm32g0xx_ll_exti.c.obj
 .debug_macro   0x0000ddf8      0x105 CMakeFiles/luminaire.dir/Drivers/STM32G0xx_HAL_Driver/Src/stm32g0xx_ll_gpio.c.obj
 .debug_macro   0x0000defd      0x12b CMakeFiles/luminaire.dir/Drivers/STM32G0xx_HAL_Driver/Src/stm32g0xx_ll_gpio.c.obj
 .debug_macro   0x0000e028      0x17a CMakeFiles/luminaire.dir/Drivers/STM32G0xx_HAL_Driver/Src/stm32g0xx_ll_tim.c.obj
 .debug_macro   0x0000e1a2      0x8ed CMakeFiles/luminaire.dir/Drivers/STM32G0xx_HAL_Driver/Src/stm32g0xx_ll_tim.c.obj
 .debug_macro   0x0000ea8f       0xc3 CMakeFiles/luminaire.dir/Core/Src/system_stm32g0xx.c.obj

.debug_line     0x00000000     0x314f
 .debug_line    0x00000000      0x93e CMakeFiles/luminaire.dir/Core/Src/main.c.obj
 .debug_line    0x0000093e      0x5ae CMakeFiles/luminaire.dir/Core/Src/stm32g0xx_it.c.obj
 .debug_line    0x00000eec      0x84d CMakeFiles/luminaire.dir/Drivers/STM32G0xx_HAL_Driver/Src/stm32g0xx_ll_utils.c.obj
 .debug_line    0x00001739      0x551 CMakeFiles/luminaire.dir/Drivers/STM32G0xx_HAL_Driver/Src/stm32g0xx_ll_exti.c.obj
 .debug_line    0x00001c8a      0x591 CMakeFiles/luminaire.dir/Drivers/STM32G0xx_HAL_Driver/Src/stm32g0xx_ll_gpio.c.obj
 .debug_line    0x0000221b      0xad0 CMakeFiles/luminaire.dir/Drivers/STM32G0xx_HAL_Driver/Src/stm32g0xx_ll_tim.c.obj
 .debug_line    0x00002ceb      0x3e9 CMakeFiles/luminaire.dir/Core/Src/system_stm32g0xx.c.obj
 .debug_line    0x000030d4       0x7b CMakeFiles/luminaire.dir/startup_stm32g030xx.s.obj

.debug_str      0x00000000    0x503f3
 .debug_str     0x00000000    0x4ced7 CMakeFiles/luminaire.dir/Core/Src/main.c.obj
                              0x4d0dd (size before relaxing)
 .debug_str     0x0004ced7       0xfd CMakeFiles/luminaire.dir/Core/Src/stm32g0xx_it.c.obj
                              0x4ca49 (size before relaxing)
 .debug_str     0x0004cfd4      0xd7e CMakeFiles/luminaire.dir/Drivers/STM32G0xx_HAL_Driver/Src/stm32g0xx_ll_utils.c.obj
                              0x449ab (size before relaxing)
 .debug_str     0x0004dd52      0x315 CMakeFiles/luminaire.dir/Drivers/STM32G0xx_HAL_Driver/Src/stm32g0xx_ll_exti.c.obj
                              0x413f2 (size before relaxing)
 .debug_str     0x0004e067      0x52b CMakeFiles/luminaire.dir/Drivers/STM32G0xx_HAL_Driver/Src/stm32g0xx_ll_gpio.c.obj
                              0x41953 (size before relaxing)
 .debug_str     0x0004e592     0x1d7e CMakeFiles/luminaire.dir/Drivers/STM32G0xx_HAL_Driver/Src/stm32g0xx_ll_tim.c.obj
                              0x47056 (size before relaxing)
 .debug_str     0x00050310       0x8f CMakeFiles/luminaire.dir/Core/Src/system_stm32g0xx.c.obj
                              0x40785 (size before relaxing)
 .debug_str     0x0005039f       0x54 CMakeFiles/luminaire.dir/startup_stm32g030xx.s.obj
                                 0x7c (size before relaxing)

.debug_line_str
                0x00000000      0x132
 .debug_line_str
                0x00000000       0x60 CMakeFiles/luminaire.dir/startup_stm32g030xx.s.obj
 .debug_line_str
                0x00000060       0xd2 /Applications/ArmGNUToolchain/12.3.rel1/arm-none-eabi/bin/../lib/gcc/arm-none-eabi/12.3.1/thumb/v6-m/nofp/libgcc.a(_udivsi3.o)
 .debug_line_str
                0x00000132       0xd2 /Applications/ArmGNUToolchain/12.3.rel1/arm-none-eabi/bin/../lib/gcc/arm-none-eabi/12.3.1/thumb/v6-m/nofp/libgcc.a(_dvmd_tls.o)
